Processing m5stack-cardputer (board: m5stack-cardputer; platform: https://github.com/pioarduino/platform-espressif32/releases/download/55.03.39/platform-espressif32.zip; framework: arduino)
--------------------------------------------------------------------------------
Library Manager: Installing h2zero/NimBLE-Arduino
Library Manager: Installing h2zero/NimBLE-Arduino
Library Manager: Installing h2zero/NimBLE-Arduino
Library Manager: Installing whywilson/ESP-PN532-UART
Verbose mode can be enabled via `-v, --verbose` option
[GZIP & EMBED INTO HEADER] - Nothing to process.
ae56fe5480611f036a40c7264b9e5c94478eab62cadc274a2dcabeed691b9488 ae56fe5480611f036a40c7264b9e5c94478eab62cadc274a2dcabeed691b9488
Patching library conflicts with ESP32 core...
Already patched: .pio/libdeps/m5stack-cardputer/ESP8266SAM/src/render.c
Already patched: .pio/libdeps/m5stack-cardputer/ESP8266SAM/src/render.c
Already patched: .pio/libdeps/m5stack-cardputer/JPEGDecoder/src/picojpeg.c
Already patched: .pio/libdeps/m5stack-cardputer/JPEGDecoder/src/picojpeg.c
Already patched: .pio/libdeps/m5stack-cardputer/ESP Amiibolink/src/amiibolink.h
Already patched: .pio/libdeps/m5stack-cardputer/ESP Chameleon Ultra/src/chameleonUltra.h
Already patched: .pio/libdeps/m5stack-cardputer/ESP PN32BLE/src/pn532_ble.h
Already patched: .pio/libdeps/m5stack-cardputer/ST25R3916-fork/src/rfal_rfst25r3916.cpp
Already patched: .pio/libdeps/m5stack-cardputer/ST25R3916-fork/src/rfal_rfst25r3916.cpp
Already patched: .pio/libdeps/m5stack-cardputer/ST25R3916-fork/src/rfal_rfst25r3916.cpp
Already patched: .pio/libdeps/m5stack-cardputer/ST25R3916-fork/src/rfal_rfst25r3916.h
Already patched: .pio/libdeps/m5stack-cardputer/ST25R3916-fork/src/rfal_rfst25r3916.cpp
Already patched: .pio/libdeps/m5stack-cardputer/ST25R3916-fork/src/st25r3916_interrupt.cpp
Already patched: .pio/libdeps/m5stack-cardputer/ST25R3916-fork/src/st25r3916_interrupt.cpp
Already patched: .pio/libdeps/m5stack-cardputer/ST25R3916-fork/src/rfal_rfst25r3916.cpp
Already patched: .pio/libdeps/m5stack-cardputer/NFC-RFAL-fork/src/rfal_nfca.h
Already patched: .pio/libdeps/m5stack-cardputer/NFC-RFAL-fork/src/rfal_nfca.cpp
Already patched: .pio/libdeps/m5stack-cardputer/NFC-RFAL-fork/src/rfal_nfca.cpp
Already patched: .pio/libdeps/m5stack-cardputer/NFC-RFAL-fork/src/rfal_nfca.cpp
CONFIGURATION: https://docs.platformio.org/page/boards/espressif32/m5stack-cardputer.html
PLATFORM: Espressif 32 (55.3.39) > M5Stack Cardputer
HARDWARE: ESP32S3 240MHz, 320KB RAM, 8MB Flash
DEBUG: Current (cmsis-dap) External (cmsis-dap, esp-bridge, esp-builtin, esp-prog, esp-prog-2, iot-bus-jtag, jlink, minimodule, olimex-arm-usb-ocd, olimex-arm-usb-ocd-h, olimex-arm-usb-tiny-h, olimex-jtag-tiny, tumpa)
PACKAGES: 
 - contrib-piohome @ 3.4.4 
 - framework-arduinoespressif32 @ 3.3.9 
 - framework-arduinoespressif32-libs @ 5.5.4+sha.735507283d 
 - tool-esp-rom-elfs @ 2024.10.11 
 - tool-esptoolpy @ 5.3.0 
 - tool-xtensa-esp-elf-gdb @ 17.1.0+20260402 
 - toolchain-xtensa-esp-elf @ 14.2.0+20260121
LDF: Library Dependency Finder -> https://bit.ly/configure-pio-ldf
LDF Modes: Finder ~ chain, Compatibility ~ soft
Found 92 compatible libraries
Scanning dependencies...
Dependency Graph
|-- WireGuard-ESP32 @ 0.1.5+sha.90aa6b4
|-- IRremoteESP8266 @ 2.8.6+sha.22cd38c
|-- Time @ 1.6.1
|-- LibSSH-ESP32 @ 5.9.0
|-- Adafruit BusIO @ 1.17.2-bruce.1+sha.27230c1
|-- Adafruit PN532 @ 1.3.3-bruce.1+sha.e91d695
|-- BER-TLV @ 0.0.0+20261005164103.sha.bd61b70
|-- RFID_MFRC522v2 @ 2.0.6+sha.a6977df
|-- ESP Chameleon Ultra @ 0.0.2+sha.f66f354
|-- ESP Amiibolink @ 0.0.2+sha.fc26412
|-- SimpleCLI @ 1.1.4+sha.b23d377
|-- ESP PN32BLE @ 0.0.2+sha.542f121
|-- ESP PN532 UART @ 0.0.2+sha.879e586
|-- ESP PN532Killer @ 0.0.7+sha.71bf110
|-- NTPClient @ 3.2.1
|-- ESP32Time @ 2.0.6
|-- FFat @ 3.3.9
|-- ArduinoJson @ 7.4.3
|-- ESP8266Audio @ 2.4.1
|-- ESP8266SAM @ 1.1.0
|-- TinyGPSPlus @ 1.1.0
|-- FFT @ 0.0.1
|-- NimBLE-Arduino @ 2.5.1
|-- RF24 @ 1.4.11
|-- Adafruit Si4713 Library @ 1.2.3
|-- JPEGDecoder @ 2.0.0
|-- SmartRC-CC1101-Driver-Lib @ 2.5.7+sha.7bba521
|-- mquickjs @ 0.0.6+sha.169b5ea
|-- OneWire @ 2.3.8+sha.42e045e
|-- ESP32-PSRamFS @ 1.0.6+sha.5ace2e6
|-- AnimatedGIF @ 2.2.3
|-- PNGdec @ 1.1.6
|-- ESPAsyncWebServer @ 3.12.1
|-- FastLED @ 3.10.1
|-- RadioLib @ 7.8.1
|-- ST25R3916-fork @ 1.1.0+sha.0c8e00f
|-- NFC-RFAL-fork @ 1.0.1+sha.7bde458
|-- Adafruit TCA8418 @ 1.0.2
|-- utility
|-- Wire @ 3.3.9
|-- WiFi @ 3.3.9
|-- BruceHAL @ 7.3.1
|-- HTTPClient @ 3.3.9
|-- LittleFS @ 3.3.9
|-- Preferences @ 3.3.9
|-- Ethernet @ 3.3.9
|-- Networking @ 3.3.9
|-- SPI @ 3.3.9
|-- FS @ 3.3.9
|-- Bad_Usb_Lib
|-- TFT_eSPI QRcode @ 1.0.0
|-- AsyncTCP @ 3.5.0
|-- DNSServer @ 3.3.9
|-- RTC
|-- ESPmDNS @ 3.3.9
|-- PN532_SRIX
|-- NetworkClientSecure @ 3.3.9
|-- SPIFFS @ 3.3.9
Building in release mode
Linking .pio/build/m5stack-cardputer/firmware.elf
/home/codespace/.platformio/packages/toolchain-xtensa-esp-elf/bin/../lib/gcc/xtensa-esp-elf/14.2.0/../../../../xtensa-esp-elf/bin/ld: cannot find -lnet80211: No such file or directory
/home/codespace/.platformio/packages/toolchain-xtensa-esp-elf/bin/../lib/gcc/xtensa-esp-elf/14.2.0/../../../../xtensa-esp-elf/bin/ld: cannot find -lnet80211: No such file or directory
/home/codespace/.platformio/packages/toolchain-xtensa-esp-elf/bin/../lib/gcc/xtensa-esp-elf/14.2.0/../../../../xtensa-esp-elf/bin/ld: cannot find -lnet80211: No such file or directory
/home/codespace/.platformio/packages/toolchain-xtensa-esp-elf/bin/../lib/gcc/xtensa-esp-elf/14.2.0/../../../../xtensa-esp-elf/bin/ld: cannot find -lnet80211: No such file or directory
/home/codespace/.platformio/packages/toolchain-xtensa-esp-elf/bin/../lib/gcc/xtensa-esp-elf/14.2.0/../../../../xtensa-esp-elf/bin/ld: cannot find -lnet80211: No such file or directory
/home/codespace/.platformio/packages/toolchain-xtensa-esp-elf/bin/../lib/gcc/xtensa-esp-elf/14.2.0/../../../../xtensa-esp-elf/bin/ld: cannot find -lnet80211: No such file or directory
collect2: error: ld returned 1 exit status
*** [.pio/build/m5stack-cardputer/firmware.elf] Error 1
========================= [FAILED] Took 65.27 seconds =========================

Environment        Status    Duration
-----------------  --------  ------------
m5stack-cardputer  FAILED    00:01:05.272
==================== 1 failed, 0 succeeded in 00:01:05.272 ====================
